// Jest Snapshot v1, https://goo.gl/fbAQLP

exports[`Pruebas en GifExpertApp debe de mostrarse correctamente 1`] = `
<div>
  <h1>
    Gif Expert App
  </h1>
  <form
    aria-label="form"
  >
    <input
      type="text"
      value=""
    />
  </form>
  <hr />
</div>
`;
